// Vitest Snapshot v1, https://vitest.dev/guide/snapshot.html

exports[`SearchInput > renders component correctly 1`] = `
"<div data-v-54e32457="" class="search-input"><input data-v-54e32457="" type="text" placeholder="Search..." data-test="search-input">
  <div data-v-54e32457="" class="suggested-wrapper">
    <div data-v-54e32457="" class="suggested-list" style="display: none;"></div>
  </div>
</div>"
`;
